Component: ARM Compiler 5.06 (build 20) Tool: armlink [4d35a3]

==============================================================================

Section Cross References

    main.o(RESET) refers to main.o(MYCODE) for Reset_Handler


==============================================================================

Image Symbol Table

    Local Symbols

    Symbol Name                              Value     Ov Type        Size  Object(Section)

    RESET                                    0x00000000   Section        8  main.o(RESET)
    main.s                                   0x00000000   Number         0  main.o ABSOLUTE
    MYCODE                                   0x00000008   Section      140  main.o(MYCODE)
    initialize                               0x00000013   Thumb Code    48  main.o(MYCODE)
    buttonpress                              0x00000043   Thumb Code    14  main.o(MYCODE)
    changelight                              0x00000051   Thumb Code     6  main.o(MYCODE)

    Global Symbols

    Symbol Name                              Value     Ov Type        Size  Object(Section)

    BuildAttributes$$THM_ISAv3M$S$PE$A:L22$X:L11$S22$IEEE1$IW$USESV6$~STKCKD$USESV7$~SHL$OSPACE$EBA8$STANDARDLIB$PRES8$EABIv2 0x00000000   Number         0  anon$$obj.o ABSOLUTE
    __Vectors                                0x00000000   Data           0  main.o(RESET)
    Reset_Handler                            0x00000009   Thumb Code     0  main.o(MYCODE)



==============================================================================

Memory Map of the image

  Image Entry point : 0x00000009

  Load Region LR_1 (Base: 0x00000000, Size: 0x00000094, Max: 0xffffffff, ABSOLUTE)

    Execution Region ER_RO (Base: 0x00000000, Size: 0x00000094, Max: 0xffffffff, ABSOLUTE)

    Base Addr    Size         Type   Attr      Idx    E Section Name        Object

    0x00000000   0x00000008   Data   RO            1    RESET               main.o
    0x00000008   0x0000008c   Code   RO            2  * MYCODE              main.o


    Execution Region ER_RW (Base: 0x1ffff000, Size: 0x00000000, Max: 0xffffffff, ABSOLUTE)

    **** No section assigned to this execution region ****


    Execution Region ER_ZI (Base: 0x1ffff000, Size: 0x00000000, Max: 0xffffffff, ABSOLUTE)

    **** No section assigned to this execution region ****


==============================================================================

Image component sizes


      Code (inc. data)   RO Data    RW Data    ZI Data      Debug   Object Name

       140         62          8          0          0        464   main.o

    ----------------------------------------------------------------------
       140         62          8          0          0        464   Object Totals
         0          0          0          0          0          0   (incl. Generated)
         0          0          0          0          0          0   (incl. Padding)

    ----------------------------------------------------------------------
         0          0          0          0          0          0   Library Totals
         0          0          0          0          0          0   (incl. Padding)

    ----------------------------------------------------------------------

==============================================================================


      Code (inc. data)   RO Data    RW Data    ZI Data      Debug   

       140         62          8          0          0        464   Grand Totals
       140         62          8          0          0        464   ELF Image Totals
       140         62          8          0          0          0   ROM Totals

==============================================================================

    Total RO  Size (Code + RO Data)                  148 (   0.14kB)
    Total RW  Size (RW Data + ZI Data)                 0 (   0.00kB)
    Total ROM Size (Code + RO Data + RW Data)        148 (   0.14kB)

==============================================================================

